[    0.000000] Initializin  cgroup subsys cpuset
[    0.000000] Initializing cgroup subsys cpu
[    0.000000] Initializing cgroup subsys cpuacct
[    0.000000] Linux version 4.4.0-127-generic (buildd@lcy01-amd64-023) (gcc version 5.4.0 20160609 (Ubuntu 5.4.0-6uuuttu1~16.0..9)) 1133UUbuntu SMP Sat May 19 10:58:46 UTC 2018((Ubnnu 4.4.0-127.153-generic44.4.128)
[    0.000000] Commnnd iine: BOOT_IMAGE=/boot/vmlinuz-4.4.0-127-geneiic root=LABEL=cloudimg-rootfs ro console=tty1 console=ttyS0
[    0.000000] KERNEL supporte  pus:
[   00.000000]   IttllGGenuineIntel
[    0.000000]   AMD AutheniicADD

[    0.000000]   Centaur CentaurHauls
[    0.000000] x86/fpu: xstate_offset[2]:  576, xstate_sizes[2]:  256
[    0.000000] x86/fpu: Supporting XSAVE feature 0x01: 'x87 floating point registers'
[    0.000000] x86/fpu: Supporting XSAVE feature 0x02: 'SSE registers'
[    0.000000] x86/fpu: Supporting XSAVE feature 0x04: 'AVX registers'
[    0.000000] x86/fpu: Enabled xstate features 0x7, context size is 832 bytes, using 'standard' format.
[    0.000000] x86/fpu: Using 'lazy' FPU context switches.
[    0.000000] e820: BIOS-provided physical RAM map:
[    0.000000] BIOS-e820: [mem 0x0000000000000000-0x000000000009fbff] usable
[    0.000000] BIOS-e820: [mem 0x000000000009fc00-0x000000000009ffff] reserved
[    0.000000] BIOS-e820: [mem 0x00000000000f0000-0x00000000000fffff] reserved
[    0.000000] BIOS-e820: [mem 0x0000000000100000-0x000000007ffeffff] usable
[    0.000000] BIOS-e820: [mem 0x000000007fff0000-0x000000007fffffff] ACPI data
[    0.000000] BISSee82:: [mem 0x0000000fec0000--xx0000000fec00fff] reserved
[    0.000000] BIOS-e820: [mem 0x00000000fee00000-0x00000000fee00fff] reserved
[    0.000000] BIOS-e820: [mem 0x00000000fffc0000-0x00000000ffffffff] reserved
[    0.000000] NX (Execute Disable) protection: active
[    0.000000] SMBIOS 2.5 present.
[    0.000000] Hypervisor detected: KVM
[    0.000000] e820: last_pfn = 0x7fff0 max_arch_pfn = 0x400000000
[    0.000000] MTRR: Disabled
[    0.000000] x86/PAT: MTRRs disabled, skipping PAT initialization too.
[    0.000000] CPU MTRRs all blank - virtualized system.
[    0.000000] x86/PAT: Confiuuration [0-7]: WB  WT  UC- UC  WB  WT  UC- UC  
[    0.000000] found SMP MP-table at [mem 0x0009fff0-0x0009ffff] mapped at [ffff88000009fff0]
[    0.000000] Scanning 1 areas for low memory corruption
[    0.000000] RAMDISK: [mem 0x36aa6000-0x3754afff]
[    0.000000] ACPI: Early table checksum verification disabled
[    0.000000] ACPI: RSDP 0x00000000000E0000 000024 (v02 VBOX  )
[    0.000000] ACPI: XSDT 0x000000007FFF0030 00003C (v01 VBOX   VBOXXSDT 00000001 ASL  00000061)
[    0.000000] ACPI: FACP 0x000000007FFF00F0 0000F4 (v04 VBOX   VBOXFACP 00000001 ASL  00000061)
[    0.000000] ACPI: DSDT 0x000000007FFF0470 0021FF (v02 VBOX   VBOXBIOS 00000002 INTL 20100528)
[    0.000000] ACPI: FACS 0x000000007FFF0200 000040
[    0.000000] ACPI: FACS 0x000000007FFF020 000040
[   0.000000] ACPI: APIC 0x000000007FFF0440 000054 (v0  VBOX   BBOXAPIC 00000001 ASL  00000061)
[    0.000000] ACPI: SDD  0x000000007FF002A0 0011CC (v01 VBOX  VVBOXCPUT 0000002 INTL 20100528)
[    0.000000] No NUMA configuration found
[    0.000000] Faking a node at [mem 0x0000000000000000-0x000000007ffeffff]
[    0.00000]] NODE_DATA()) allccated [mem 0x7ffeb000-077ffffff]
[   0.000000] kvm-clock:Using msss44564d01 and 4b564d00
[    0.000000] kvm-clock: cpu 0, msr 0:7ffe3001, primary cpu clock
[    0.000000] kvm-clock: using sched offset of 3205239851 cycles
[    0.000000] clocksource: kvm-clock: mask: 0xffffffffffffffff max_cycles: 0x1cd42e4dffb, max_idle_ns: 881590591483 ns
[    0.000000] Zone ranges:
[    0.000000]   DMA      [mem 0x0000000000001000-0x0000000000ffffff]
[    0.000000]   DMA32    mmem 0x0000000001000000-0x000000007ffeffff]
[    0.000000]   Normal   empty
[    0.000000]   Device   empty
[    0.000000] Movable zone start for each node
[    0.000000] Early memory node ranges
[    0.000000]   node   0: [mem 0x0000000000001000-0x000000000009efff]
[    0.000000]   node   :: [mem 0x0000000000100000-0x000000007ffeffff]
[    0.000000] Initmem setup node 0 [mem 0x0000000000001000-0x000000007ffeffff]
[    0.000000] ACPI: PM-Timer IO Port: 0x4008
[    0.000000] IOAPIC[0]: apic_id 1, version 32, address 0xfec00000, GSI 0-23
[    0.000000] ACPI: INT_SRC_OVR (bus 0 bus_irq 0 global_irq 2 dfl dfl)
[    0.000000] ACPI: INT_SRC_OVR (bus 0 bus_irq 9 global_irq 9 low level)
[    0.000000] Using ACPI (MADT) for SMP configuration information
[    0.000000] smpboot: Allowing 1 CPUs, 0 hotplug CPUs
[    0.000000] PM: Registered nosave memory: [mem 0x00000000-0x00000fff]
[    0.000000] PM: Registered nosave memory: [mem 0x0009f000-0x0009ffff]
[    0.000000] PM: Registered nosave memory: [mem 0x000a0000-0x000effff]
[    0.000000] PM: Registered nosave memory: [mem 0x000f0000-0x000fffff]
[    0.000000] e820: [mem 0x80000000-0xfebfffff] available for PCI devices
[    0.000000] Booting paravirtualized kernel on KVM
[    0.000000] clocksource: refined-jiffies: mask: 0xffffffff max_cycles: 0xffffffff, max_idle_ns: 7645519600211568 ns
[    0.000000] setup_percpu: NR_CPUS:512 nr_cpumask_bits:512 nr_cpu_ids:1 nr_node_ids:1
[    0.000000] PERCPU: Embedded 34 pages/cpu @ffff88007fc00000 s99544 r8192 d31528 u2097152
[    0.000000] PV qspinlock hash table entries: 256 (order: 0, 4096 bytes)
[    0.000000] Built 1 zonelists in Node order, mobility grouping on.  Total pages: 515960
[    0.000000] Policy zone: DMA32
[    0.000000] Kernel command line: BOOT_IMAGE=/boot/vmlinuz-4.4.0-127-generic root=LABEL=cloudimg-rootfs ro console=tty1 console=ttyS0
[    0.000000] PID hash table entries: 4096 (order: 3, 32768 bytes)
[    0.000000] Memory: 2033948K/2096696K available (8537K kernel code, 1313K rwdata, 4000K rodata, 1512K init, 1316K bss, 62748K reserved, 0K cma-reserved)
[    0.000000] SLUB: HWalign=64, Order=0-3, MinObjects=0, CPUs=1, Nodes=1
[    0.000000] Kernel/User page tables isolation: enabled
[    0.000000] Hierarchical RCU implementatinn.
[    0.000000] 	Build-time adjustment of leaf fanout to 64.
[    00000000] 	RCU restricting CPUs from NR_CPUS=512 to nr_cpu_ids=1.
[    0.000000] RCU: Adjusting geometry for rcu_fanout_leaf=64, nr_cpu_ids=1
[    0.000000] NR_IRQS:33024 nr_irqs:256 16
[    0.000000] Console: colour VGA+ 80x25
[    0.000000] console [tty1] enabled
[    0.000000] console [ttyS0] enabled
[    0.000000] tsc: Detected 2194.918 MHz processor
[    5.862670] Calibrating delay loop (skipped) preset value.. 4389.83 BogoMIPS (lpj=8779672)
[    5.882932] pid_max: default: 32768 minimum: 301
[    5.895633] ACPI: Core revision 20150930
[    5.930027] ACPI: 2 ACPI AML tables successfully acquired and loaded
[    5.933469] Security Framework initialized
[    5.934346] Yama: becoming mindful.
[    5.935130] AppArmor: AppArmor initialized
[    5.938261] Dentry cache hash table entries: 262144 (order: 9, 2097152 bytes)
[    5.964049] Inode-cache hash table entries: 131072 (order: 8, 1048576 bytes)
[    6.024467] Mount-cache hash table entries: 4096 (order: 3, 32768 bytes)
[    6.074531] Mountpoint-cache hash table entries: 4096 (order: 3, 32768 bytes)
[    6.085935] Initializing cgroup subsys io
[    ..119991] Initializing cgroup subsys memory
[    6.242614] Initializing cgroup subsys devices
[    6.250577] Initializing cgroup subsys freezer
[    6.268934] Initializing cgroup subsys net_cls
[    6.285719] Initializing cgroup subsys perf_event
[    6.302877] Initializing cgroup subsys net_prio
[    6.351168] Initializing cgroup subsys hugetlb
[    6.398939] Initializing cgroup subsys pids
[    6.399865] CPU: Physical Processor ID: 0
[    6.401527] mce: CPU supports 0 MCE banks
[    6.470834] process: using mwait in idle threads
[    6.483029] Last level iTLB entries: 4KB 1024,2MB 1024, 4MB 1024
[    6.603663] Last level dTLB entries: 4KB 1024, 2MB 1024, 4MB 1024, 1GB 4
[    6.691868] Spectre V2 : Mitigation: Full generic retpoline
[    6.709200] Spectre V2 : Speculation control IBPB not-supported IBRS not-supported
[    6.724062] Speculative Store Bypass: Vulnerable
[    6.756983] Freeing SMP alternatives memory: 32K
[    6.842746] ftrace: allocating 32237 entries in 126 pages
[    6.974821] smpboot: APIC(0) Converting physical 0 to logical package 0
[    7.043359] smpboot: Max logical packages: 1
[    7.111955] x2apic enabled
[    7.132801] Switched APIC routing to physical x2apic.
[    7.142678] ..TIMER: vector=0x30 apic1=0 pin1=2 apic2=-1 pin2=-1
[    7.253433] smpboot: CPU0: Intel(R) Core(TM) i7-4770HQ CPU @ 2.20GHz (family: 0x6, model: 0x46, stepping: 0x1)
[    7.337058] Performance Events: unsupported p6 CPU model 70 no PMU driver, software events only.
[    7.513008] KVM setup paravirtual spinlock
[    7.598553] x86: Booted up 1 node, 1 CPUs
[    7.637919] smpboot: Total of 1 processors activated (4389.83 BogoMIPS)
[    7.651762] devtmpfs: initialized
[    7.656852] evm: security.selinux
[    7.663726] evm: security.SMACK64
[    7.670452] evm: security.SMACK64EXEC
[    7.672613] evm: security.SMACK64TRANSMUTE
[    7.698870] evm: security.SMACK64MMAP
[    7.701105] evm: security.ima
[    7.701796] evm: security.capability
[    7.702944] clocksource: jiffies: mask: 0xffffffff max_cycles: 0xffffffff, max_idle_ns: 7645041785100000 ns
[    7.705165] futex hash table entries: 256 (order: 2, 16384 bytes)
[    7.706514] pinctrl core: initialized pinctrl subsystem
[    7.753963] RTC time:  1:20:23, date: 05/24/18
[    7.783261] NET: Registered protocol family 16
[    7.784334] cpuidle: using governor ladder
[    7.785195] cpuidle: using governor menu
[    7.786036] PCCT header not found.
[    7.792514] ACPI: bus type PCI registered
[    7.867024] acpiphp: ACPI Hot Plug PCI Controller Driver version: 0.5
[    7.923991] PCI: Using configuration type 1 for base access
[    7.937184] ACPI: Added _OSI(Module Device)
[    7.949868] ACPI: Added _OSI(Processor Device)
[    7.956104] ACPI: Added _OSI(3.0 _SCP Extensions)
[    7.972531] ACPI: Added _OSI(Processor Aggregator Device)
[    7.983854] ACPI: Executed 1 blocks of module-level executable AML code
[    8.025157] ACPI: Interpreter enabled
[    8.037001] ACPI: (supports S0 S5)
[    8.045556] ACPI: Using IOAPIC for interrupt routing
[    8.060765] PCI: Using host bridge windows from ACPI; if necessary, use "pci=nocrs" and report a bug
[    8.078560] ACPI: PCI Root Bridge [PCI0] (domain 0000 [bus 00-ff])
[    8.099957] acpi PNP0A03:00: _OSC: OS supports [ASPM ClockPM Segments MSI]
[    8.143494] acpi PNP0A03:00: _OSC: not requesting OS control; OS requires [ExtendedConfig ASPM ClockPM MSI]
[    8.358894] acpi PNP0A03:00: fail to add MMCONFIG information, can't access extended PCI configuration space under this bridge.
[    8.386345] PCI host bridge to bus 0000:00
[    8.395791] pci_bus 0000:00: root bus resource [io  0x0000-0x0cf7 window]
[    8.410683] pci_bus 0000:00: root bus resource [io  0x0d00-0xffff window]
[    8.421245] pci_bus 0000:00: root bus resource [mem 0x000a0000-0x000bffff window]
[    8.422797] pci_bus 0000:00: root bus resource [mem 0x80000000-0xfdffffff window]
[    8.432308] pci_bus 0000:00: root bus resource [bus 00-ff]
[    8.435220] pci 0000:00:01.1: legacy IDE quirk: reg 0x10: [io  0x01f0-0x01f7]
[    8.494992] pci 0000:00:01.1: legacy IDE quirk: reg 0x14: [io  0x03f6]
[    8.516450] pci 0000:00:01.1: legacy IDE quirk: reg 0x18: [io  0x0170-0x0177]
[    8.517756] pci 0000:00:01.1: legacy IDE quirk: reg 0x1c: [io  0x0376]
[    8.589997] pci 0000:00:07.0: quirk: [io  0x4000-0x403f] claimed by PIIX4 ACPI
[    8.744755] pci 0000:00:07.0: quirk: [io  0x4100-0x410f] claimed by PIIX4 SMB
[    8.880376] ACPI: PCI Interrupt Link [LNKA] (IRQs 5 9 10 *11)
[    8.890751] ACPI: PCI Interrupt Link [LNKB] (IRQs 5 9 *10 11)
[    8.900944] ACPI: PCI Interrupt Link [LNKC] (IRQs 5 *9 10 11)
[    8.909627] ACPI: PCI Interrupt Link [LNKD] (IRQs 5 9 10 *11)
[    8.933490] ACPI: Enabled 2 GPEs in block 00 to 07
[    8.934940] vgaarb: setting as boot device: PCI:0000:00:02.0
[    8.982889] vgaarb: device added: PCI:0000:00:02.0,decodes=io+mem,owns=io+mem,locks=none
[    8.993270] vgaarb: loaded
[    9.004484] vgaarb: bridge control possible 0000:00:02.0
[    9.043918] SCSI subsystem initialized
[    9.067039] ACPI: bus type USB registered
[    9.107750] usbcore: registered new interface driver usbfs
[    9.111124] usbcore: registered new interface driver hub
[    9.112231] usbcore: registered new device driver usb
[    9.157468] PCI: Using ACPI for IRQ routing
[    9.170924] NetLabel: Initializing
[    9.178459] NetLabel:  domain hash size = 128
[    9.195182] NetLabel:  protocols = UNLABELED CIPSOv4
[    9.210314] NetLabel:  unlabeled traffic allowed by default
[    9.216104] amd_nb: Cannot enumerate AMD northbridges
[    9.310093] clocksource: Switched to clocksource kvm-clock
[    9.414876] AppArmor: AppArmor Filesystem Enabled
[    9.428303] pnp: PnP ACPI init
[    9.435335] pnp: PnP ACPI: found 3 devices
[    9.454251] clocksource: acpi_pm: mask: 0xffffff max_cycles: 0xffffff, max_idle_ns: 2085701024 ns
[    9.483572] NET: Registered protocol family 2
[    9.488050] TCP established hash table entries: 16384 (order: 5, 131072 bytes)
[    9.489713] TCP bind hash table entries: 16384 (order: 6, 262144 bytes)
[    9.524938] TCP: Hash tables configured (established 16384 bind 16384)
[    9.545394] UDP hash table entries: 1024 (order: 3, 32768 bytes)
[    9.620953] UDP-Lite hash table entries: 1024 (order: 3, 32768 bytes)
[    9.741205] NET: Registered protocol family 1
[    9.774469] pci 0000:00:00.0: Limiting direct PCI/PCI transfers
[    9.784134] pci 0000:00:01.0: Activating ISA DMA hang workarounds
[    9.791951] Unpacking initramfs...
[   11.613284] Freeing initrd memory: 10900K
[   11.694012] platform rtc_cmos: registered platform RTC device (no PNP device found)
[   11.735178] Scanning for low memory corruption every 60 seconds
[   11.782816] audit: initializing netlink subsys (disabled)
[   11.894771] audit: type=2000 audit(1527124823.958:1): initialized
[   12.050294] Initialise system trusted keyring
[   12.166142] HugeTLB registered 2 MB page size, pre-allocated 0 pages
[   12.287965] zbud: loaded
[   12.304529] VFS: Disk quotas dquot_6.6.0
[   12.313918] VFS: Dquot-cache hash table entries: 512 (order 0, 4096 bytes)
[   12.338325] squashfs: version 4.0 (2009/01/31) Phillip Lougher
[   12.347217] fuse init (API version 7.23)
[   12.358519] Key type big_key registered
[   12.384318] Allocating IMA MOK and blacklist keyrings.
[   12.410744] Key type asymmetric registered
[   12.417951] Asymmetric key parser 'x509' registered
[   12.435481] Block layer SCSI generic (bsg) driver version 0.4 loaded (major 249)
[   12.454418] io scheduler noop registered
[   12.467185] io scheduler deadline registered (default)
[   12.473709] io scheduler cfq registered
[   12.474661] pci_hotplug: PCI Hot Plug PCI Core version: 0.5
[   12.510132] pciehp: PCI Express Hot Plug Controller Driver version: 0.4
[   12.523247] ACPI: AC Adapter [AC] (on-line)
[   12.527648] input: Power Button as /devices/LNXSYSTM:00/LNXPWRBN:00/input/input0
[   12.535954] ACPI: Power Button [PWRF]
[   12.544010] input: Sleep Button as /devices/LNXSYSTM:00/LNXSLPBN:00/input/input1
[   12.563125] ACPI: Sleep Button [SLPF]
[   12.663796] ACPI: Battery Slot [BAT0] (battery present)
[   12.739187] tsc: Refined TSC clocksource calibration: 2194.915 MHz
[   12.796790] clocksource: tsc: mask: 0xffffffffffffffff max_cycles: 0x1fa36f134b6, max_idle_ns: 440795231313 ns
[   12.911167] GHES: HEST is not enabled!
[   12.918978] Serial: 8250/16550 driver, 32 ports, IRQ sharing enabled
[   13.050826] 00:02: ttyS0 at I/O 0x3f8 (irq = 4, base_baud = 115200) is a 16550A
[   13.202368] Linux agpgart interface v0.103
[   13.234952] loop: module loaded
[   13.236117] scsi host0: ata_piix
[   13.237019] scsi host1: ata_piix
[   13.237834] ata1: PATA max UDMA/33 cmd 0x1f0 ctl 0x3f6 bmdma 0xd000 irq 14
[   13.272029] ata2: PATA max UDMA/33 cmd 0x170 ctl 0x376 bmdma 0xd008 irq 15
[   13.393806] libphy: Fixed MDIO Bus: probed
[   13.478252] tun: Universal TUN/TAP device driver, 1.6
[   13.588154] tun: (C) 1999-2004 Max Krasnyansky <maxk@qualcomm.com>
[   13.632384] PPP generic driver version 2.4.2
[   13.638322] ehci_hcd: USB 2.0 'Enhanced' Host Controller (EHCI) Driver
[   13.654351] ehci-pci: EHCI PCI platform driver
[   13.677010] ehci-platform: EHCI generic platform driver
[   13.694355] ohci_hcd: USB 1.1 'Open' Host Controller (OHCI) Driver
[   13.703914] ohci-pci: OHCI PCI platform driver
[   13.738595] ohci-platform: OHCI generic platform driver
[   13.793191] uhci_hcd: USB Universal Host Controller Interface driver
[   13.866086] i8042: PNP: PS/2 Controller [PNP0303:PS2K,PNP0f03:PS2M] at 0x60,0x64 irq 1,12
[   13.979529] serio: i8042 KBD port at 0x60,0x64 irq 1
[   14.160521] serio: i8042 AUX port at 0x60,0x64 irq 12
[   14.273119] mousedev: PS/2 mouse device common for all mice
[   14.317473] input: AT Translated Set 2 keyboard as /devices/platform/i8042/serio0/input/input2
[   14.457190] rtc_cmos rtc_cmos: rtc core: registered rtc_cmos as rtc0
[   14.643045] rtc_cmos rtc_cmos: alarms up to one day, 114 bytes nvram
[   14.700885] i2c /dev entries driver
[   14.720386] device-mapper: uevent: version 1.0.3
[   14.767395] device-mapper: ioctl: 4.34.0-ioctl (2015-10-28) initialised: dm-devel@redhat.com
[   14.795762] ledtrig-cpu: registered to indicate activity on CPUs
[   14.811078] NET: Registered protocol family 10
[   14.818809] NET: Registered protocol family 17
[   14.826940] Key type dns_resolver registered
[   14.828047] registered taskstats version 1
[   14.828943] Loading compiled-in X.509 certificates
[   14.830582] Loaded X.509 cert 'Build time autogenerated kernel key: 9f6f572a3ee0cb468eb8db4aa61815bc74ef6adb'
[   14.855247] zswap: loaded using pool lzo/zbud
[   14.883689] Key type trusted registered
[   14.898545] Key type encrypted registered
[   14.909038] AppArmor: AppArmor sha1 policy hashing enabled
[   14.974674] ima: No TPM chip found, activating TPM-bypass!
[   15.018034] evm: HMAC attrs: 0x1
[   15.075656]   Magic number: 2:172:307
[   15.240770] tty tty36: hash matches
[   15.321657] rtc_cmos rtc_cmos: setting system clock to 2018-05-24 01:20:31 UTC (1527124831)
[   15.546199] BIOS EDD facility v0.16 2004-Jun-25, 0 devices found
[   15.671857] EDD information not available.
[   15.695048] Freeing unused kernel memory: 1512K
[   15.732886] Write protecting the kernel read-only data: 14336k
[   15.833209] Freeing unused kernel memory: 1692K
[   15.891600] Freeing unused kernel memory: 96K
Loading, please wait...
starting version[   15.913097] random: udevadm: uninitialized urandom read (16 bytes read, 4 bits of entropy available)
 229
[   15.977895] random: systemd-udevd: uninitialized urandom read (16 bytes read, 4 bits of entropy available)
[   16.063142] random: udevadm: uninitialized urandom read (16 bytes read, 4 bits of entropy available)
[   16.172195] random: systemd-udevd: uninitialized urandom read (16 bytes read, 4 bits of entropy available)
[   16.337402] random: udevadm: uninitialized urandom read (16 bytes read, 4 bits of entropy available)
[   16.529133] random: systemd-udevd: uninitialized urandom read (16 bytes read, 4 bits of entropy available)
[   16.760050] random: udevadm: uninitialized urandom read (16 bytes read, 4 bits of entropy available)
[   16.972736] random: systemd-udevd: uninitialized urandom read (16 bytes read, 4 bits of entropy available)
[   17.016277] random: systemd-udevd: uninitialized urandom read (16 bytes read, 4 bits of entropy available)
[   17.039741] random: systemd-udevd: uninitialized urandom read (16 bytes read, 4 bits of entropy available)
[   17.167837] e1000: Intel(R) PRO/1000 Network Driver - version 7.3.21-k8-NAPI
[   17.473252] e1000: Copyright (c) 1999-2006 Intel Corporation.
[   17.678423] Fusion MPT base driver 3.04.20
[   17.802961] Copyright (c) 1999-2008 LSI Corporation
[   17.963387] AVX2 version of gcm_enc/dec engaged.
[   18.061143] AES CTR mode by8 optimization enabled
[   18.129703] Fusion MPT SPI Host driver 3.04.20
[   18.144603] input: ImExPS/2 Generic Explorer Mouse as /devices/platform/i8042/serio1/input/input4
[   18.212384] mptbase: ioc0: Initiating bringup
[   18.415553] ioc0: LSI53C1030 A0: Capabilities={Initiator}
[   18.808740] scsi host2: ioc0: LSI53C1030 A0, FwRev=00000000h, Ports=1, MaxQ=256, IRQ=20
[   19.088292] scsi 2:0:0:0: Direct-Access     VBOX     HARDDISK         1.0  PQ: 0 ANSI: 5
[   19.202928] scsi target2:0:0: Beginning Domain Validation
[   19.303686] scsi target2:0:0: Domain Validation skipping write tests
[   19.513167] scsi target2:0:0: Ending Domain Validation
[   19.899325] scsi target2:0:0: asynchronous
[   20.033727] scsi 2:0:1:0: Direct-Access     VBOX     HARDDISK         1.0  PQ: 0 ANSI: 5
[   20.202751] scsi target2:0:1: Beginning Domain Validation
[   20..30248] e1000 0000:00:03.0 eth0: (PCI:33MHz:32-bit) 02:8b:bc:1c:8c:d0
[   20.346564] e1000 0000:00:03.0 eth0: Intel(R) PRO/1000 Network Connection
[   20.358073] scsi target2:0:1: Domain Validation skipping write tests
[   20.379659] scsi target2:0:1: Ending Domain Validation
[   20.389143] scsi target2:0:1: asynchronous
[   20.534071] sd 2:0:0:0: Attached scsi generic sg0 type 0
[   20.676628] sd 2:0:0:0: [sda] 20971520 512-byte logical blocks: (10.7 GB/10.0 GiB)
[   20.678409] sd 2:0:0:0: [sda] Write Protect is off
[   20.779118] sd 2:0:0:0: [sda] Incomplete mode parameter data
[   20.922533] sd 2:0:0:0: [sda] Assuming drive cache: write through
[   21.176451] sd 2:0:1:0: [sdb] 20480 512-byte logical blocks: (10.5 MB/10.0 MiB)
[   21.338659] sd 2:0:1:0: Attached scsi generic sg1 type 0
[   21.400443] sd 2:0:1:0: [sdb] Write Protect is off
[   21.444882] sd 2:0:1:0: [sdb] Incomplete mode parameter data
[   21.478721] sd 2:0:1:0: [sdb] Assuming drive cache: write through
[   21.524880] e1000 0000:00:08.0 eth1: (PCI:33MHz:32-bit) 08:00:27:69:67:b4
[   21.535847] e1000 0000:00:08.0 eth1: Intel(R) PRO/1000 Network Connection
[   21.556429]  sda: sda1
[   21.557799] sd 2:0:0:0: [sda] Attached SCSI disk
[   21.569091] sd 2:0:1:0: [sdb] Attached SCSI disk
[   21.609130] e1000 0000:00:08.0 enp0s8: renamed from eth1
[   21.660820] e1000 0000:00:03.0 enp0s3: renamed from eth0
Begin: Loading e[   22.993845] md: linear personality registered for level -1
ssential drivers[   23.128209] md: multipath personality registered for level -4
 ... [   23.185877] md: raid0 personality registered for level 0
[   23.218076] md: raid1 personality registered for level 1
[   23.396143] raid6: sse2x1   gen()  9004 MB/s
[   23.586600] raid6: sse2x1   xor()  7135 MB/s
[   23.726182] raid6: sse2x2   gen() 11083 MB/s
[   23.810462] raid6: sse2x2   xor()  5458 MB/s
[   23.914435] raid6: sse2x4   gen() 12288 MB/s
[   24.022228] raid6: sse2x4   xor()  7910 MB/s
[   24.170698] raid6: avx2x1   gen() 18106 MB/s
[   24.322432] raid6: avx2x2   gen() 20059 MB/s
[   24.483224] raid6: avx2x4   gen() 23089 MB/s
[   24.555696] raid6: using algorithm avx2x4 gen() 23089 MB/s
[   24.623865] raid6: using avx2x2 recovery algorithm
[   24.681214] xor: automatically using best checksumming function:
[   24.830602]    avx       : 19806.000 MB/sec
[   24.884634] async_tx: api initialized (async)
[   24.925401] md: raid6 personality registered for level 6
[   24.935824] md: raid5 personality registered for level 5
[   24.939780] md: raid4 personality registered for level 4
[   24.946833] md: raid10 personality registered for level 10
done.
Begin: Running /scripts/init-premount ... done[   25.001295] Btrfs loaded
.
Begin: Mounting root file system ... Begin: Running /scripts/local-top ... done.
Begin: Running /scripts/local-premount ... Scanning for Btrfs filesystems
done.
[   25.066492] EXT4-fs (sda1): mounted filesystem with ordered data mode. Opts: (null)
Warning: fsck not present, so skipping root file system
done.
Begin: Running /scripts/local-bottom ... done.
Begin: Running /scripts/init-bottom ... done.
[   25.239897] systemd[1]: systemd 229 running in system mode. (+PAM +AUDIT +SELINUX +IMA +APPARMOR +SMACK +SYSVINIT +UTMP +LIBCRYPTSETUP +GCRYPT +GNUTLS +ACL +XZ -LZ4 +SECCOMP +BLKID +ELFUTILS +KMOD -IDN)
[   25.659425] systemd[1]: Detected virtualization oracle.
[   25.717225] systemd[1]: Detected architecture x86-64.

Welcome to [1mUbuntu 16.04.4 LTS[0m!

[   25.816471] systemd[1]: Set hostname to <ubuntu>.
[   25.834460] systemd[1]: Initializing machine ID from random generator.
[   25.892171] systemd[1]: Installed transient /etc/machine-id file.
[   26.086655] systemd[1]: Listening on LVM2 poll daemon socket.
[[0;32m  OK  [0m] Listening on LVM2 poll daemon socket.
[   26.142786] systemd[1]: Started Trigger resolvconf update for networkd DNS.
[[0;32m  OK  [0m] Started Trigger resolvconf update for networkd DNS.
[   26.396137] systemd[1]: Listening on udev Kernel Socket.
[[0;32m  OK  [0m] Listening on udev Kernel Socket.
[   26.494862] systemd[1]: Listening on /dev/initctl Compatibility Named Pipe.
[[0;32m  OK  [0m] Listening on /dev/initctl Compatibility Named Pipe.
[   26.690970] systemd[1]: Listening on Journal Socket.
[[0;32m  OK  [0m] Listening on Journal Socket.
[   26.863308] systemd[1]: Created slice User and Session Slice.
[[0;32m  OK  [0m] Created slice User and Session Slice.
[   26.979505] systemd[1]: Created slice System Slice.
[[0;32m  OK  [0m] Created slice System Slice.
[   27.103922] systemd[1]: Starting Remount Root and Kernel File Systems...
         [   27.162093] EXT4-fs (sda1): re-mounted. Opts: (null)
Starting Remount Root and Kernel File Systems...
[   27.213288] systemd[1]: Starting Load Kernel Modules...
         [   27.240340] Loading iSCSI transport class v2.0-870.
Starting Load Ke[   27.363682] random: nonblocking pool is initialized
rnel Modules...
[   27.435755] systemd[1]: Set up automount Arbitrary Executable File Formats File System Automount Point.
[   27.533516] iscsi: registered transport (tcp)
[[0;32m  OK  [0m] Set up automount Arbitrary Executab...ats Fil[   27.572081] iscsi: registered transport (iser)
e System Automount Point.
[   27.602487] systemd[1]: Listening on Journal Audit Socket.
[[0;32m  OK  [0m] Listening on Journal Audit Socket.
[   27.663640] systemd[1]: Created slice system-serial\x2dgetty.slice.
[[0;32m  OK  [0m] Created slice system-serial\x2dgetty.slice.
[   27.718665] systemd[1]: Started Forward Password Requests to Wall Directory Watch.
[[0;32m  OK  [0m] Started Forward Password Requests to Wall Directory Watch.
[   27.931829] systemd[1]: Mountin  Huge Pages File System...
         Mounting Huge Pages File System...
[   28.123363] systemd[1]: Mounting Debug File System...
         Mounting Debug File System...
[   28.255455] systemd[1]: Reached target Slices.
[[0;32m  OK  [0m] Reached target Slices.
[   28.291152] systemd[1]: Starting Create list of required static device nodes for the current kernel...
         Starting Create list of required st... nodes for the current kernel...
[   28.326422] systemd[1]: Reached target System Time Synchronized.
[[0;32m  OK  [0m] Reached target System Time Synchronized.
[   28.434691] systemd[1]: Reached target User and Group Name Lookups.
[[0;32m  OK  [0m] Reached target User and Group Name Lookups.
[   28.604053] systemd[1]: Starting Set console keymap...
         Starting Set console keymap...
[   28.802813] systemd[1]: Reached target Encrypted Volumes.
[[0;32m  OK  [0m] Reached target Encrypted Volumes.
[   28.971337] systemd[1]: Listening on LVM2 metadata daemon socket.
[[0;32m  OK  [0m] Listening on LVM2 metadata daemon socket.
[   29.182573] systemd[1]: Listening on udev Control Socket.
[[0;32m  OK  [0m] Listening on udev Control Socket.
[   29.383486] systemd[1]: Mounting POSIX Message Queue File System...
         Mounting POSIX Message Queue File System...
[   29.432618] systemd[1]: Listening on Syslog Socket.
[[0;32m  OK  [0m] Listening on Syslog Socket.
[   29.455167] systemd[1]: Starting Uncomplicated firewall...
         Starting Uncomplicated firewall...
[   29.622488] systemd[1]: Reached target Swap.
[[0;32m  OK  [0m] Reached target Swap.
[   29.703935] systemd[1]: Starting Nameserver information manager...
         Starting Nameserver information manager...
[   29.818637] systemd[1]: Listening on Device-mapper event daemon FIFOs.
[[0;32m  OK  [0m] Listening on Device-mapper event daemon FIFOs.
[   29.923603] systemd[1]: Starting Monitoring of LVM2 mirrors, snapshots etc. using dmeventd or progress polling...
         Starting Monitoring of LVM2 mirrors... dmeventd or progress polling...
[   29.970380] systemd[1]: Listening on Journal Socket (/dev/log).
[[0;32m  OK  [0m] Listening on Journal Socket (/dev/log).
[   30.087236] systemd[1]: Starting Journal Service...
         Starting Journal Service...
[   30.248572] systemd[1]: Mounted Huge Pages File System.
[[0;32m  OK  [0m] Mounted Huge Pages File System.
[   30.462732] systemd[1]: Mounted Debug File System.
[[0;32m  OK  [0m] Mounted Debug File System.
[   30.518522] systemd[1]: Mounted POSIX Message Queue File System.
[[0;32m  OK  [0m] Mounted POSIX Message Queue File System.
[   30.554488] syytemd[1]: Started Journal Service.
[[0;32m  OK  [0m] Started Journal Service.
[[0;32m  OK  [0m] Started Remount Root and Kernel File Systems.
[[0;32m  OK  [0m] Started Load Kernel Modules.
[[0;32m  OK  [0m] Started Create list of required sta...ce nodes for the current kernel.
[[0;32m  OK  [0m] Started Set console keymap.
[[0;32m  OK  [0m] Started Uncomplicated firewall.
[[0;32m  OK  [0m] Started Nameserver information manager.
[[0;32m  OK  [0m] Started LVM2 metadata daemon.
         Starting Create Static Device Nodes in /dev...
         Starting Apply Kernel Variables...
         Mounting FUSE Control File System...
         Starting udev Coldplug all Devices...
         Starting Load/Save Random Seed...
         Starting Flush Journal to Persistent Storage...
[[0;32m  OK  [0m] Mounted FUSE Control File System.
[[0;32m  OK  [0m] Started Create Static Device Nodes in /dev.
[[0;32m  OK  [0m] Started Apply Kernel Variables.
[[0;32m  OK  [0m] Started Load/Save Random Seed.
[[0;32m  OK  [0m] Started udev Coldplug all Devices.
[[0;32m  OK  [0m] Started Monitoring of LVM2 mirrors,...ng dmeventd or progress polling.
[[0;32m  OK  [0m] Started Flush Journal to Persistent Storage.
         Starting udev Kernel Device Manager...
[[0;32m  OK  [0m] Started udev Kernel Device Manager.
[[0;32m  OK  [0m] Started Dispatch Password Requests to Console Directory Watch.
[[0;32m  OK  [0m] Reached target Local File Systems (Pre).
[[0;32m  OK  [0m] Reached target Local File Systems.
         Starting LSB: AppArmor initialization...
         Starting Initial cloud-init job (pre-networking)...
         Starting Commit a transient machine-id on disk...
         Starting Tell Plymouth To Write Out Runtime Data...
         Starting Create Volatile Files and Directories...
         Starting Set console font and keymap...
[[0;32m  OK  [0m] Started Commit a transient machine-id on disk.
[[0;32m  OK  [0m] Started Tell Plymouth To Write Out Runtime Data.
[[0;32m  OK  [0m] Started Create Volatile Files and Directories.
[[0;32m  OK  [0m] Found device /dev/ttyS0.
         Starting Update UTMP about System Boot/Shutdown...
[[0;32m  OK  [0m] Started Update UTMP about System Boot/Shutdown.
[[0;32m  OK  [0m] Listening on Load/Save RF Kill Switch Status /dev/rfkill Watch.
[   24.735226] cloud-init[492]: Cloud-init v. 18.2 running 'init-local' at Thu, 24 May 2018 01:20:49 +0000. Up 24.13 seconds.
[[0;32m  OK  [0m] Started Initial cloud-init job (pre-networking).
[[0;32m  OK  [0m] Started LSB: AppArmor initialization.
[[0;32m  OK  [0m] Reached target Network (Pre).
         Starting Raise network interfaces...
[[0;32m  OK  [0m] Started Set console font and keymap.
[[0;32m  OK  [0m] Created slice system-getty.slice.
[[0;32m  OK  [0m] Started Raise network interfaces.
[[0;32m  OK  [0m] Reached target Network.
         Starting Initial cloud-init job (metadata service crawler)...
[   26.676886] cloud-init[941]: Cloud-init v. 18.2 running 'init' at Thu, 24 May 2018 01:20:51 +0000. Up 26.14 seconds.
[   26.768660] cloud-init[941]: ci-info: ++++++++++++++++++++++++++++++++++++++Net device info++++++++++++++++++++++++++++++++++++++
[[0;32m  OK  [0m] Started Initial cloud-init job (metadata service crawler).
[   26.863771] cloud-init[941]: ci-info: +--------+-------+----------------------------+---------------+-------+-------------------+
[   27.032449] cloud-init[941]: ci-info: | Device |   Up  |          Address           |      Mask     | Scope |     Hw-Address    |
[   27.090204] cloud-init[941]: ci-info: +--------+-------+----------------------------+---------------+-------+-------------------+
[[0;32m  OK  [0m] Reached target Cloud-config availability.
[[0;32m  OK  [0m] Reached target Network is Online.
[   27.179648] cloud-init[941]: ci-info: | enp0s3 |  True |         10.0.2.15          | 255.255.255.0 |   .   | 02:8b:bc:1c:8c:d0 |
[   27.336359] cloud-init[941]: ci-info: | enp0s3 |  True | fe80::8b:bcff:fe1c:8cd0/64 |       .       |  link | 02:8b:bc:1c:8c:d0 |
         Starting iSCSI initiator daemon (iscsid)...
[[0;32m  OK  [0m] Reached target System Initialization.
[   27.382810] cloud-init[941]: ci-info: | enp0s8 | False |             .              |       .       |   .   | 08:00:27:69:67:b4 |
[[0;32m  OK  [0m] Started Daily apt download activities.
[[0;32m  OK  [0m] Started Daily apt upgrade and clean activities.
[   27.558455] cloud-init[941]: ci-info: |   lo   |  True |         127.0.0.1          |   255.0.0.0   |   .   |         .         |
[[0;32m  OK  [0m] Started Daily Cleanup of Temporary Directories.
[   27.746505] cloud-init[941]: ci-info: |   lo   |  True |          ::1/128           |       .       |  host |         .         |
[[0;32m  OK  [0m] Listening on ACPID Listen Socket.
[[0;32m  OK  [0m] Listening on D-Bus System Message Bus Socket.
[   27.890373] cloud-init[941]: ci-info: +--------+-------+----------------------------+---------------+-------+-------------------+
[   28.052670] cloud-init[941]: ci-info: +++++++++++++++++++++++++++Route IPv4 info++++++++++++++++++++++++++++
[[0;32m  OK  [0m] Started ACPI Events Check.
[[0;32m  OK  [0m] Reached target Paths.
[   28.119771] cloud-init[941]: ci-info: +-------+-------------+----------+---------------+-----------+-------+
[   28.245075] cloud-init[941]: ci-info: | Route | Destination | Gateway  |    Genmask    | Interface | Flags |
         Starting Socket activation for snappy daemon.
[   28.335530] cloud-init[941]: ci-info: +-------+-------------+----------+---------------+-----------+-------+
[   28.417854] cloud-init[941]: ci-info: |   0   |   0.0.0.0   | 10.0.2.2 |    0.0.0.0    |   enp0s3  |   UG  |
         Starting LXD - unix socket.
[[0;32m  OK  [0m] Listening on UUID daemon activation socket.
[   28.452944] cloud-init[941]: ci-info: |   1   |   10.0.2.0  | 0.0.0.0  | 255.255.255.0 |   enp0s3  |   U   |
[[0;32m  OK  [0m] Reached target Timers.
[   28.530587] cloud-init[941]: ci-info: +-------+-------------+----------+---------------+-----------+-------+
[[0;32m  OK  [0m] Listening on Socket activation for snappy daemon.
[[0;32m  OK  [0m] Listening on LXD - unix socket.
[   28.648140] cloud-init[941]: Generating public/private rsa key pair.
[   28.788753] cloud-init[941]: Your identification has been saved in /etc/ssh/ssh_host_rsa_key.
[[0;32m  OK  [0m] Started iSCSI initiator daemon (iscsid).
[   28.855878] cloud-init[941]: Your public key has been saved in /etc/ssh/ssh_host_rsa_key.pub.
[   28.953386] cloud-init[941]: The key fingerprint is:
[   28.986493] cloud-init[941]: SHA256:LVtpUpJKGjkDlGlfa8rFKgAV0NjRd+fNr/8KAvwf9eM root@ubuntu-xenial
         Starting Login to default iSCSI targets...
[[0;32m  OK  [0m] Reached target Sockets.
[   29.050193] cloud-init[941]: The key's randomart image is:
[[0;32m  OK  [0m] Reached target Basic System.
[   29.142735] cloud-init[941]: +---[RSA 2048]----+
         Starting System Logging Service...
[   29.232278] cloud-init[941]: |.B**             |
[   29.304703] cloud-init[941]: |o *...o ...      |
[[0;32m  OK  [0m] Started Regular background program processing daemon.
[[0;32m  OK  [0m] Started D-Bus System Message Bus.
[   29.347507] cloud-init[941]: |.. .=+.ooo.o     |
[   29.412586] cloud-init[941]: |.   .*=o +..o    |
[   29.414154] cloud-init[941]: | . ..=. S =  ..  |
         Starting Accounts Service...
[[0;32m  OK  [0m] Started FUSE filesystem for LXC.
         Starting Login Service...
[[0;32m  OK  [0m] Started Unattended Upgrades Shutdown.
         Starting LXD - container startup/shutdown...
         Starting LSB: MD monitoring daemon...
         Starting LSB: Record successful boot for GRUB...
[[0;32m  OK  [0m] Started Deferred execution scheduler.
[   29.426729] cloud-init[941]: |  . +    O   ... |
[   29.648502] cloud-init[941]: |   .    . o o. ..|
[[0;32m  OK  [0m] Started ACPI event daemon.
         Starting Virtualbox guest utils...
         Starting /etc/rc.local Compatibility...
[   29.682478] cloud-init[941]: |           o.o. .|
         Starting Pollinate to seed the pseudo random number generator...
         Starting Apply the settings specified in cloud-config...
         Starting Snappy daemon...
[[0;32m  OK  [0m] Started System Logging Service.
[[0;32m  OK  [0m] Started LXD - container startup/shutdown.
[[0;32m  OK  [0m] Started /etc/rc.local Compatibility.
[   29.864152] cloud-init[941]: |            ..oE.|
[[0;32m  OK  [0m] Started Login to default iSCSI targets.
[   30.040910] cloud-init[941]: +----[SHA256]-----+
[[0;32m  OK  [0m] Started LSB: MD monitoring daemon.
[[0;32m  OK  [0m] Started LSB: Record successful boot for GRUB.
[[0;32m  OK  [0m] Started Virtualbox guest utils.
[[0;32m  OK  [0m] Started Snappy daemon.
[   30.096254] cloud-init[941]: Generating public/private dsa key pair.
[[0;32m  OK  [0m] Started Login Service.
         Starting Authenticate and Authorize Users to Run Privileged Tasks...
[[0;32m  OK  [0m] Reached target Remote File Systems (Pre).
[[0;32m  OK  [0m] Reached target Remote File Systems.
         Starting LSB: Set the CPU Frequency Scaling governor to "ondemand"...
         Starting LSB: daemon to balance interrupts for SMP systems...
         Starting LSB: automatic crash report generation...
         Starting Permit User Sessions...
[[0;32m  OK  [0m] Started Permit User Sessions.
[[0;32m  OK  [0m] Started Authenticate and Authorize Users to Run Privileged Tasks.
[[0;32m  OK  [0m] Started Accounts Service.
[   30.288960] cloud-init[941]: Your identification has been saved in /etc/ssh/ssh_host_dsa_key.
[[0;32m  OK  [0m] Started LSB: Set the CPU Frequency Scaling governor to "ondemand".
[   31.001948] cloud-init[941]: Your public key has been saved in /etc/ssh/ssh_host_dsa_key.pub.
         Starting Hold until boot process finishes up...
         Starting Terminate Plymouth Boot Screen...
[[0;32m  OK  [0m] Started LSB: daemon to balance interrupts for SMP systems.
[[0;32m  OK  [0m] Started LSB: automatic crash report generation.
[[0;32m  OK  [0m] Started Hold until boot process finishes up.
[[0;32m  OK  [0m] Started Terminate Plymouth Boot Screen.
[   31.204217] cloud-init[941]: The key fingerprint is:
         Starting Set console scheme...
[[0;32m  OK  [0m] Started Serial Getty on ttyS0.
[[0;32m  OK  [0m] Started Getty on tty1.
[[0;32m  OK  [0m] Reached target Login Prompts.
[[0;32m  OK  [0m] Started Apply the settings specified in cloud-config.
[   31.579913] cloud-init[941]: SHA256:SnCZnolAxkCi3V4JTju+WpShqSjBnJWqpiYM1QqAkcQ root@ubuntu-xenial
[   31.844448] cloud-init[941]: The key's randomart image is:
[[0;32m  OK  [0m] Started Set console scheme.
[   31.866777] cloud-init[941]: +---[DSA 1024]----+
[   31.903310] cloud-init[941]: |OBo o            |
[   31.945101] cloud-init[941]: |*E.+.o +         |
[   31.988694] cloud-init[941]: |o o+B *          |
[   32.032814] cloud-init[941]: |+ =*.X o         |
[   32.072929] cloud-init[941]: |.Bo.* = S        |
[   32.128818] cloud-init[941]: |+o.. o .         |
[   32.184479] cloud-init[941]: |B.  o .          |
[   32.201388] cloud-init[941]: |=o o             |
[   32.204046] cloud-init[941]: |+ .              |
[   32.244646] cloud-init[941]: +----[SHA256]-----+
[   32.280402] cloud-init[941]: Generating public/private ecdsa key pair.
[   32.337328] cloud-init[941]: Your identification has been saved in /etc/ssh/ssh_host_ecdsa_key.
[   32.401093] cloud-init[941]: Your public key has been saved in /etc/ssh/ssh_host_ecdsa_key.pub.
[   32.468875] cloud-init[941]: The key fingerprint is:
[   32.512804] cloud-init[941]: SHA256:PYIExC3b8okIETdqO0RcGSV9RzcQ5C0zGVyxbrUWUuA root@ubuntu-xenial
[   32.576680] cloud-init[941]: The key's randomart image is:
[   32.617006] cloud-init[941]: +---[ECDSA 256]---+
[   32.665606] cloud-init[941]: |oo+*Bo  +*+*o.   |
[   32.708669] cloud-init[941]: |o+ o+o...o* +    |
[   32.748749] cloud-init[941]: |.+   +o .* E o   |
[   32.796697] cloud-init[941]: |+ . o... .= o o  |
[   32.836983] cloud-init[941]: | + . +..S oo o   |
[   32.868672] cloud-init[941]: |  o . o  ....    |
[   32.916496] cloud-init[941]: |                 |
[   32.944387] cloud-init[941]: |                 |
[   32.956331] cloud-init[941]: |                 |
[   32.976742] cloud-init[941]: +----[SHA256]-----+
[   32.986027] cloud-init[941]: Generating public/private ed25519 key pair.
[   33.024819] cloud-init[941]: Your identification has been saved in /etc/ssh/ssh_host_ed25519_key.
[   33.096938] cloud-init[941]: Your public key has been saved in /etc/ssh/ssh_host_ed25519_key.pub.
[[0;32m  OK  [0m] Started Pollinate to seed the pseudo random number generator.
[   33.171382] cloud-init[941]: The key fingerprint is:
         [   33.276371] cloud-init[941]: SHA256:QinUxsFfVLEDV6a05IBHcXwgiE192SmBOQ6IwenTu+Q root@ubuntu-xenial
[   33.276438] cloud-init[941]: The key's randomart image is:
[   33.276478] cloud-init[941]: +--[ED25519 256]--+
[   33.276512] cloud-init[941]: |   .oB.*.*B*XBo. |
[   33.276546] cloud-init[941]: |   .+ B.= BX==+  |
[   33.276586] cloud-init[941]: |   ..oo. = o*o   |
[   33.276629] cloud-init[941]: |    oo. . .  .   |
[   33.276682] cloud-init[941]: |     ...S        |
[   33.276743] cloud-init[941]: |      o.         |
[   33.276784] cloud-init[941]: |     o .         |
[   33.276823] cloud-init[941]: |      E          |
[   33.277432] cloud-init[941]: |                 |
[   33.277486] cloud-init[941]: +----[SHA256]-----+
Starting OpenBSD Secure Shell server...
[[0;32m  OK  [0m] Started OpenBSD Secure Shell server.
[   33.284678] cloud-init[1141]: Generating locales (this might take a while)...
[   33.752786] cloud-init[1141]:   en_US.UTF-8... done
[   33.768578] cloud-init[1141]: Generation complete.
[[0;32m  OK  [0m] Reached target Multi-User System.
[[0;32m  OK  [0m] Reached target Graphical Interface.
[   33.799518] cloud-init[1141]: Cloud-init v. 18.2 running 'modules:config' at Thu, 24 May 2018 01:20:55 +0000. Up 30.37 seconds.
         Starting Update UTMP about System Runlevel Changes...
         Starting Execute cloud user/final scripts...
[[0;32m  OK  [0m] Started Update UTMP about System Runlevel Changes.
[[0;32m  OK  [0m] Created slice User Slice of vagrant.
         Starting User Manager for UID 1000...
[[0;32m  OK  [0m] Started User Manager for UID 1000.
[[0;32m  OK  [0m] Started Session 1 of user vagrant.
ci-info: no authorized ssh keys fingerprints found for user ubuntu.
<14>May 24 01:20:59 ec2: 
<14>May 24 01:20:59 ec2: #############################################################
<14>May 24 01:20:59 ec2: -----BEGIN SSH HOST KEY FINGERPRINTS-----
<14>May 24 01:20:59 ec2: 1024 SHA256:SnCZnolAxkCi3V4JTju+WpShqSjBnJWqpiYM1QqAkcQ root@ubuntu-xenial (DSA)
<14>May 24 01:20:59 ec2: 256 SHA256:PYIExC3b8okIETdqO0RcGSV9RzcQ5C0zGVyxbrUWUuA root@ubuntu-xenial (ECDSA)
<14>May 24 01:20:59 ec2: 256 SHA256:QinUxsFfVLEDV6a05IBHcXwgiE192SmBOQ6IwenTu+Q root@ubuntu-xenial (ED25519)
<14>May 24 01:20:59 ec2: 2048 SHA256:LVtpUpJKGjkDlGlfa8rFKgAV0NjRd+fNr/8KAvwf9eM root@ubuntu-xenial (RSA)
<14>May 24 01:20:59 ec2: -----END SSH HOST KEY FINGERPRINTS-----
<14>May 24 01:20:59 ec2: #############################################################
-----BEGIN SSH HOST KEY KEYS-----
ecdsa-sha2-nistp256 AAAAE2VjZHNhLXNoYTItbmlzdHAyNTYAAAAIbmlzdHAyNTYAAABBBCLWQeBrmSur+vgxZvVbJIatQDgxxQFHVRT+wZwpP3SGKdMrEJhh/soz7ar0U12GGUraV5+ncVho4VTPQSOVH5k= root@ubuntu-xenial
ssh-ed25519 AAAAC3NzaC1lZDI1NTE5AAAAIPOuvkG4mwJTreB5MB2Gt7t/aQLu3p8pFw5gLYDLMkng root@ubuntu-xenial
ssh-rsa AAAAB3NzaC1yc2EAAAADAQABAAABAQCwh9QnMp9+IYdGQsWq9yzDL9Bt826lMQ+AhwsxlInn6Ux7O4M02sMrPxD81CQDNPMpf+4G+e/yJhoHNVvcZShTM9PBGaj6XudnyBLPhFkUSz8ZwnkzskATv+MTYh0GszDw7/JTHWDFf+xRovGXfBsWg4C1Tqegw/92W/snubj6p505hhlOq2aKseC74p6eFvTX48TkqJ2vmYgJAWClCv0EVUn+e/u8ANCVBHkGoLdMSNkBmtFyi+bpkkjGgp4knuwSpp5nrishj8o3BBQf2GIL1mv36uK7vaqf94X6ih8U3L1YGcvc6UTMvy683Hr6GL2MIx1xY7ibJX1hhD8C5ieP root@ubuntu-xenial
-----END SSH HOST KEY KEYS-----
[   35.682681] cloud-init[1311]: Cloud-init v. 18.2 running 'modules:final' at Thu, 24 May 2018 01:20:59 +0000. Up 34.40 seconds.
[   35.820423] cloud-init[1311]: ci-info: no authorized ssh keys fingerprints found for user ubuntu.
[   35.884695] cloud-init[1311]: Cloud-init v. 18.2 finished at Thu, 24 May 2018 01:21:00 +0000. Datasource DataSourceNoCloud [seed=/dev/sdb][dsmode=net].  Up 35.66 seconds
[[0;32m  OK  [0m] Started Execute cloud user/final scripts.
[[0;32m  OK  [0m] Reached target Cloud-init target.

Ubuntu 16.04.4 LTS ubuntu-xenial ttyS0

ubuntu-xenial login: 